// Jest Snapshot v1, https://goo.gl/fbAQLP

exports[`Register fails to create with duplicate email 1`] = `
Array [
  [GraphQLError: Argument Validation Error],
]
`;
